So dong : 4
tu do xuat hien : 8 lan
max_w : favorite dai 8 . 
6 4 4 2 8 4 5 5 3 5 2 5 
4 2 8 4 5 5 3 5 2 5 
6 4 4 2 8 4 5 5 3 5 2 5 
4 2 8 4 5 5 3 5 2 4 
Hang 1 : 12 cau 
Hang 2 : 10 cau 
Hang 3 : 12 cau 
Hang 4 : 10 cau 
You're  head

Like  head

You're  head

Like  head
